Tekla Structures 2025 Service Pack 5


********************************************
Total selected objects:             1822
Successful exports:                 1822
----------------------------------+---------
Exported objects
 Beams                              464
 Columns                            32
 Footings                           7
 Members                            32
 Plates                             613
 Bolt groups                        674
--------------------------------------------
 -IfcProject        Project 
   -IfcSite           C0150-01 
     -IfcBuilding       Undefined (1822)
       -IfcBuildingStorey Undefined (1822)
--------------------------------------------
Included property set definition files:
 pset1: C:\TeklaStructures\2025.0\environments\southamerica\General\AdditionalPSets\standard.xml
********************************************

* Pay attention to the following 316 object(s) *****************
***************************************************************
Details:
+-------------------------------------------
ID: 23553835 TS: ID5AAB04FC-0000-0024-3135-323131353838, IFC: 1QgmJy0000934rCZ4nDJWu
 Info 11: Part:Polygon extrusion not allowed. Part reverted to BREP export
+-------------------------------------------
ID: 23554268 TS: ID5AAB04FC-0000-0048-3135-323131363533, IFC: 1QgmJy0000I34rCZ4nDZKp
 Info 11: Part:Polygon extrusion not allowed. Part reverted to BREP export
+-------------------------------------------
ID: 23554807 TS: ID5AAB2F51-0000-0006-3135-323131363835, IFC: 1QgozH00001Z4rCZ4nDZWr
 Info 11: Part:Polygon extrusion not allowed. Part reverted to BREP export
+-------------------------------------------
ID: 23554829 TS: ID5AAB2F51-0000-000A-3135-323131363835, IFC: 1QgozH00002Z4rCZ4nDZWr
 Info 11: Part:Polygon extrusion not allowed. Part reverted to BREP export
+-------------------------------------------
ID: 23554869 TS: ID5AAB2F51-0000-0010-3135-323131363931, IFC: 1QgozH0000434rCZ4nDZan
 Info 11: Part:Polygon extrusion not allowed. Part reverted to BREP export
+-------------------------------------------
ID: 23554891 TS: ID5AAB2F51-0000-0014-3135-323131363931, IFC: 1QgozH0000534rCZ4nDZan
 Info 11: Part:Polygon extrusion not allowed. Part reverted to BREP export
+-------------------------------------------
ID: 23554913 TS: ID5AAB2F51-0000-0018-3135-323131363931, IFC: 1QgozH0000634rCZ4nDZan
 Info 11: Part:Polygon extrusion not allowed. Part reverted to BREP export
+-------------------------------------------
ID: 23554935 TS: ID5AAB2F51-0000-001C-3135-323131363931, IFC: 1QgozH0000734rCZ4nDZan
 Info 11: Part:Polygon extrusion not allowed. Part reverted to BREP export
+-------------------------------------------
ID: 23554957 TS: ID5AAB2F51-0000-0020-3135-323131363931, IFC: 1QgozH0000834rCZ4nDZan
 Info 11: Part:Polygon extrusion not allowed. Part reverted to BREP export
+-------------------------------------------
ID: 23554979 TS: ID5AAB2F51-0000-0024-3135-323131363931, IFC: 1QgozH0000934rCZ4nDZan
 Info 11: Part:Polygon extrusion not allowed. Part reverted to BREP export
+-------------------------------------------
ID: 23555001 TS: ID5AAB2F51-0000-0028-3135-323131363931, IFC: 1QgozH0000A34rCZ4nDZan
 Info 11: Part:Polygon extrusion not allowed. Part reverted to BREP export
+-------------------------------------------
ID: 23555023 TS: ID5AAB2F51-0000-002C-3135-323131363931, IFC: 1QgozH0000B34rCZ4nDZan
 Info 11: Part:Polygon extrusion not allowed. Part reverted to BREP export
+-------------------------------------------
ID: 23555045 TS: ID5AAB2F51-0000-0030-3135-323131363931, IFC: 1QgozH0000C34rCZ4nDZan
 Info 11: Part:Polygon extrusion not allowed. Part reverted to BREP export
+-------------------------------------------
ID: 23555067 TS: ID5AAB2F51-0000-0034-3135-323131363931, IFC: 1QgozH0000D34rCZ4nDZan
 Info 11: Part:Polygon extrusion not allowed. Part reverted to BREP export
+-------------------------------------------
ID: 23555376 TS: ID5AAB2F51-0000-005A-3135-323131363935, IFC: 1QgozH0000MZ4rCZ4nDZar
 Info 11: Part:Polygon extrusion not allowed. Part reverted to BREP export
+-------------------------------------------
ID: 23555398 TS: ID5AAB2F51-0000-005E-3135-323131363935, IFC: 1QgozH0000NZ4rCZ4nDZar
 Info 11: Part:Polygon extrusion not allowed. Part reverted to BREP export
+-------------------------------------------
ID: 23556391 TS: ID5AAB6005-0000-004E-3135-323131383337, IFC: 1Qgs050000JZ4rCZ4nE3Ct
 Info 11: Part:Polygon extrusion not allowed. Part reverted to BREP export
+-------------------------------------------
ID: 23559417 TS: ID5AAB6005-0000-02E4-3135-323131383432, IFC: 1Qgs050002v34rCZ4nE3Go
 Info 11: Part:Polygon extrusion not allowed. Part reverted to BREP export
+-------------------------------------------
ID: 23559446 TS: ID5AAB6005-0000-02E9-3135-323131383432, IFC: 1Qgs050002wJ4rCZ4nE3Go
 Info 11: Part:Polygon extrusion not allowed. Part reverted to BREP export
+-------------------------------------------
ID: 23559475 TS: ID5AAB6005-0000-02EE-3135-323131383432, IFC: 1Qgs050002xZ4rCZ4nE3Go
 Info 11: Part:Polygon extrusion not allowed. Part reverted to BREP export
+-------------------------------------------
ID: 23559504 TS: ID5AAB6005-0000-02F3-3135-323131383432, IFC: 1Qgs050002yp4rCZ4nE3Go
 Info 11: Part:Polygon extrusion not allowed. Part reverted to BREP export
+-------------------------------------------
ID: 23559533 TS: ID5AAB6005-0000-02F8-3135-323131383432, IFC: 1Qgs050002_34rCZ4nE3Go
 Info 11: Part:Polygon extrusion not allowed. Part reverted to BREP export
+-------------------------------------------
ID: 23559562 TS: ID5AAB6005-0000-02FD-3135-323131383432, IFC: 1Qgs050002$J4rCZ4nE3Go
 Info 11: Part:Polygon extrusion not allowed. Part reverted to BREP export
+-------------------------------------------
ID: 23559591 TS: ID5AAB6005-0000-0302-3135-323131383432, IFC: 1Qgs0500030Z4rCZ4nE3Go
 Info 11: Part:Polygon extrusion not allowed. Part reverted to BREP export
+-------------------------------------------
ID: 23559620 TS: ID5AAB6005-0000-0307-3135-323131383432, IFC: 1Qgs0500031p4rCZ4nE3Go
 Info 11: Part:Polygon extrusion not allowed. Part reverted to BREP export
+-------------------------------------------
ID: 23559649 TS: ID5AAB6005-0000-030C-3135-323131383432, IFC: 1Qgs050003334rCZ4nE3Go
 Info 11: Part:Polygon extrusion not allowed. Part reverted to BREP export
+-------------------------------------------
ID: 23559678 TS: ID5AAB6005-0000-0311-3135-323131383432, IFC: 1Qgs0500034J4rCZ4nE3Go
 Info 11: Part:Polygon extrusion not allowed. Part reverted to BREP export
+-------------------------------------------
ID: 23559707 TS: ID5AAB6005-0000-0316-3135-323131383432, IFC: 1Qgs0500035Z4rCZ4nE3Go
 Info 11: Part:Polygon extrusion not allowed. Part reverted to BREP export
+-------------------------------------------
ID: 23559736 TS: ID5AAB6005-0000-031B-3135-323131383432, IFC: 1Qgs0500036p4rCZ4nE3Go
 Info 11: Part:Polygon extrusion not allowed. Part reverted to BREP export
+-------------------------------------------
ID: 23559765 TS: ID5AAB6005-0000-0320-3135-323131383432, IFC: 1Qgs050003834rCZ4nE3Go
 Info 11: Part:Polygon extrusion not allowed. Part reverted to BREP export
+-------------------------------------------
ID: 23559794 TS: ID5AAB6005-0000-0325-3135-323131383432, IFC: 1Qgs0500039J4rCZ4nE3Go
 Info 11: Part:Polygon extrusion not allowed. Part reverted to BREP export
+-------------------------------------------
ID: 23559823 TS: ID5AAB6005-0000-032A-3135-323131383432, IFC: 1Qgs050003AZ4rCZ4nE3Go
 Info 11: Part:Polygon extrusion not allowed. Part reverted to BREP export
+-------------------------------------------
ID: 23559852 TS: ID5AAB6005-0000-032F-3135-323131383432, IFC: 1Qgs050003Bp4rCZ4nE3Go
 Info 11: Part:Polygon extrusion not allowed. Part reverted to BREP export
+-------------------------------------------
ID: 23559881 TS: ID5AAB6005-0000-0334-3135-323131383432, IFC: 1Qgs050003D34rCZ4nE3Go
 Info 11: Part:Polygon extrusion not allowed. Part reverted to BREP export
+-------------------------------------------
ID: 23560095 TS: ID5AAB6005-0000-038C-3135-323131383433, IFC: 1Qgs050003Z34rCZ4nE3Gp
 Info 11: Part:Polygon extrusion not allowed. Part reverted to BREP export
+-------------------------------------------
ID: 23560125 TS: ID5AAB6005-0000-0391-3135-323131383433, IFC: 1Qgs050003aJ4rCZ4nE3Gp
 Info 11: Part:Polygon extrusion not allowed. Part reverted to BREP export
+-------------------------------------------
ID: 23560155 TS: ID5AAB6005-0000-0396-3135-323131383433, IFC: 1Qgs050003bZ4rCZ4nE3Gp
 Info 11: Part:Polygon extrusion not allowed. Part reverted to BREP export
+-------------------------------------------
ID: 23560184 TS: ID5AAB6005-0000-039B-3135-323131383433, IFC: 1Qgs050003cp4rCZ4nE3Gp
 Info 11: Part:Polygon extrusion not allowed. Part reverted to BREP export
+-------------------------------------------
ID: 23560213 TS: ID5AAB6005-0000-03A0-3135-323131383433, IFC: 1Qgs050003e34rCZ4nE3Gp
 Info 11: Part:Polygon extrusion not allowed. Part reverted to BREP export
+-------------------------------------------
ID: 23560242 TS: ID5AAB6005-0000-03A5-3135-323131383433, IFC: 1Qgs050003fJ4rCZ4nE3Gp
 Info 11: Part:Polygon extrusion not allowed. Part reverted to BREP export
+-------------------------------------------
ID: 23560271 TS: ID5AAB6005-0000-03AA-3135-323131383433, IFC: 1Qgs050003gZ4rCZ4nE3Gp
 Info 11: Part:Polygon extrusion not allowed. Part reverted to BREP export
+-------------------------------------------
ID: 23560300 TS: ID5AAB6005-0000-03AF-3135-323131383433, IFC: 1Qgs050003hp4rCZ4nE3Gp
 Info 11: Part:Polygon extrusion not allowed. Part reverted to BREP export
+-------------------------------------------
ID: 23560329 TS: ID5AAB6005-0000-03B4-3135-323131383433, IFC: 1Qgs050003j34rCZ4nE3Gp
 Info 11: Part:Polygon extrusion not allowed. Part reverted to BREP export
+-------------------------------------------
ID: 23560358 TS: ID5AAB6005-0000-03B9-3135-323131383433, IFC: 1Qgs050003kJ4rCZ4nE3Gp
 Info 11: Part:Polygon extrusion not allowed. Part reverted to BREP export
+-------------------------------------------
ID: 23560387 TS: ID5AAB6005-0000-03BE-3135-323131383433, IFC: 1Qgs050003lZ4rCZ4nE3Gp
 Info 11: Part:Polygon extrusion not allowed. Part reverted to BREP export
+-------------------------------------------
ID: 23560416 TS: ID5AAB6005-0000-03C3-3135-323131383433, IFC: 1Qgs050003mp4rCZ4nE3Gp
 Info 11: Part:Polygon extrusion not allowed. Part reverted to BREP export
+-------------------------------------------
ID: 23560445 TS: ID5AAB6005-0000-03C8-3135-323131383433, IFC: 1Qgs050003o34rCZ4nE3Gp
 Info 11: Part:Polygon extrusion not allowed. Part reverted to BREP export
+-------------------------------------------
ID: 23560474 TS: ID5AAB6005-0000-03CD-3135-323131383433, IFC: 1Qgs050003pJ4rCZ4nE3Gp
 Info 11: Part:Polygon extrusion not allowed. Part reverted to BREP export
+-------------------------------------------
ID: 23560503 TS: ID5AAB6005-0000-03D2-3135-323131383433, IFC: 1Qgs050003qZ4rCZ4nE3Gp
 Info 11: Part:Polygon extrusion not allowed. Part reverted to BREP export
+-------------------------------------------
ID: 23560533 TS: ID5AAB6005-0000-03D7-3135-323131383433, IFC: 1Qgs050003rp4rCZ4nE3Gp
 Info 11: Part:Polygon extrusion not allowed. Part reverted to BREP export
+-------------------------------------------
ID: 23560563 TS: ID5AAB6005-0000-03DC-3135-323131383433, IFC: 1Qgs050003t34rCZ4nE3Gp
 Info 11: Part:Polygon extrusion not allowed. Part reverted to BREP export
+-------------------------------------------
ID: 23560586 TS: ID5AAB6005-0000-03E1-3135-323131383433, IFC: 1Qgs050003uJ4rCZ4nE3Gp
 Info 11: Part:Polygon extrusion not allowed. Part reverted to BREP export
+-------------------------------------------
ID: 23560616 TS: ID5AAB6005-0000-03E6-3135-323131383433, IFC: 1Qgs050003vZ4rCZ4nE3Gp
 Info 11: Part:Polygon extrusion not allowed. Part reverted to BREP export
+-------------------------------------------
ID: 23560646 TS: ID5AAB6005-0000-03EB-3135-323131383433, IFC: 1Qgs050003wp4rCZ4nE3Gp
 Info 11: Part:Polygon extrusion not allowed. Part reverted to BREP export
+-------------------------------------------
ID: 23560675 TS: ID5AAB6005-0000-03F0-3135-323131383433, IFC: 1Qgs050003y34rCZ4nE3Gp
 Info 11: Part:Polygon extrusion not allowed. Part reverted to BREP export
+-------------------------------------------
ID: 23560704 TS: ID5AAB6005-0000-03F5-3135-323131383433, IFC: 1Qgs050003zJ4rCZ4nE3Gp
 Info 11: Part:Polygon extrusion not allowed. Part reverted to BREP export
+-------------------------------------------
ID: 23560733 TS: ID5AAB6005-0000-03FA-3135-323131383433, IFC: 1Qgs050003_Z4rCZ4nE3Gp
 Info 11: Part:Polygon extrusion not allowed. Part reverted to BREP export
+-------------------------------------------
ID: 23560762 TS: ID5AAB6005-0000-03FF-3135-323131383433, IFC: 1Qgs050003$p4rCZ4nE3Gp
 Info 11: Part:Polygon extrusion not allowed. Part reverted to BREP export
+-------------------------------------------
ID: 23560791 TS: ID5AAB6005-0000-0404-3135-323131383433, IFC: 1Qgs050004134rCZ4nE3Gp
 Info 11: Part:Polygon extrusion not allowed. Part reverted to BREP export
+-------------------------------------------
ID: 23560820 TS: ID5AAB6005-0000-0409-3135-323131383433, IFC: 1Qgs0500042J4rCZ4nE3Gp
 Info 11: Part:Polygon extrusion not allowed. Part reverted to BREP export
+-------------------------------------------
ID: 23560849 TS: ID5AAB6005-0000-040E-3135-323131383433, IFC: 1Qgs0500043Z4rCZ4nE3Gp
 Info 11: Part:Polygon extrusion not allowed. Part reverted to BREP export
+-------------------------------------------
ID: 23560878 TS: ID5AAB6005-0000-0413-3135-323131383433, IFC: 1Qgs0500044p4rCZ4nE3Gp
 Info 11: Part:Polygon extrusion not allowed. Part reverted to BREP export
+-------------------------------------------
ID: 23560907 TS: ID5AAB6005-0000-0418-3135-323131383433, IFC: 1Qgs050004634rCZ4nE3Gp
 Info 11: Part:Polygon extrusion not allowed. Part reverted to BREP export
+-------------------------------------------
ID: 23560936 TS: ID5AAB6005-0000-041D-3135-323131383433, IFC: 1Qgs0500047J4rCZ4nE3Gp
 Info 11: Part:Polygon extrusion not allowed. Part reverted to BREP export
+-------------------------------------------
ID: 23560965 TS: ID5AAB6005-0000-0422-3135-323131383433, IFC: 1Qgs0500048Z4rCZ4nE3Gp
 Info 11: Part:Polygon extrusion not allowed. Part reverted to BREP export
+-------------------------------------------
ID: 23560994 TS: ID5AAB6005-0000-0427-3135-323131383433, IFC: 1Qgs0500049p4rCZ4nE3Gp
 Info 11: Part:Polygon extrusion not allowed. Part reverted to BREP export
+-------------------------------------------
ID: 23561024 TS: ID5AAB6005-0000-042C-3135-323131383433, IFC: 1Qgs050004B34rCZ4nE3Gp
 Info 11: Part:Polygon extrusion not allowed. Part reverted to BREP export
+-------------------------------------------
ID: 23561054 TS: ID5AAB6005-0000-0431-3135-323131383433, IFC: 1Qgs050004CJ4rCZ4nE3Gp
 Info 11: Part:Polygon extrusion not allowed. Part reverted to BREP export
+-------------------------------------------
ID: 23561409 TS: ID5AAB6005-0000-04BB-3135-323131383439, IFC: 1Qgs050004kp4rCZ4nE3Gv
 Info 11: Part:Polygon extrusion not allowed. Part reverted to BREP export
+-------------------------------------------
ID: 23561438 TS: ID5AAB6005-0000-04C0-3135-323131383439, IFC: 1Qgs050004m34rCZ4nE3Gv
 Info 11: Part:Polygon extrusion not allowed. Part reverted to BREP export
+-------------------------------------------
ID: 23561468 TS: ID5AAB6005-0000-04C5-3135-323131383439, IFC: 1Qgs050004nJ4rCZ4nE3Gv
 Info 11: Part:Polygon extrusion not allowed. Part reverted to BREP export
+-------------------------------------------
ID: 23561497 TS: ID5AAB6005-0000-04CA-3135-323131383439, IFC: 1Qgs050004oZ4rCZ4nE3Gv
 Info 11: Part:Polygon extrusion not allowed. Part reverted to BREP export
+-------------------------------------------
ID: 23561526 TS: ID5AAB6005-0000-04CF-3135-323131383439, IFC: 1Qgs050004pp4rCZ4nE3Gv
 Info 11: Part:Polygon extrusion not allowed. Part reverted to BREP export
+-------------------------------------------
ID: 23561555 TS: ID5AAB6005-0000-04D4-3135-323131383439, IFC: 1Qgs050004r34rCZ4nE3Gv
 Info 11: Part:Polygon extrusion not allowed. Part reverted to BREP export
+-------------------------------------------
ID: 23561584 TS: ID5AAB6005-0000-04D9-3135-323131383439, IFC: 1Qgs050004sJ4rCZ4nE3Gv
 Info 11: Part:Polygon extrusion not allowed. Part reverted to BREP export
+-------------------------------------------
ID: 23561613 TS: ID5AAB6005-0000-04DE-3135-323131383439, IFC: 1Qgs050004tZ4rCZ4nE3Gv
 Info 11: Part:Polygon extrusion not allowed. Part reverted to BREP export
+-------------------------------------------
ID: 23561642 TS: ID5AAB6005-0000-04E3-3135-323131383439, IFC: 1Qgs050004up4rCZ4nE3Gv
 Info 11: Part:Polygon extrusion not allowed. Part reverted to BREP export
+-------------------------------------------
ID: 23561671 TS: ID5AAB6005-0000-04E8-3135-323131383439, IFC: 1Qgs050004w34rCZ4nE3Gv
 Info 11: Part:Polygon extrusion not allowed. Part reverted to BREP export
+-------------------------------------------
ID: 23561700 TS: ID5AAB6005-0000-04ED-3135-323131383439, IFC: 1Qgs050004xJ4rCZ4nE3Gv
 Info 11: Part:Polygon extrusion not allowed. Part reverted to BREP export
+-------------------------------------------
ID: 23561729 TS: ID5AAB6005-0000-04F2-3135-323131383439, IFC: 1Qgs050004yZ4rCZ4nE3Gv
 Info 11: Part:Polygon extrusion not allowed. Part reverted to BREP export
+-------------------------------------------
ID: 23561758 TS: ID5AAB6005-0000-04F7-3135-323131383439, IFC: 1Qgs050004zp4rCZ4nE3Gv
 Info 11: Part:Polygon extrusion not allowed. Part reverted to BREP export
+-------------------------------------------
ID: 23561787 TS: ID5AAB6005-0000-04FC-3135-323131383439, IFC: 1Qgs050004$34rCZ4nE3Gv
 Info 11: Part:Polygon extrusion not allowed. Part reverted to BREP export
+-------------------------------------------
ID: 23561840 TS: ID5AAB6005-0000-0506-3135-323131383439, IFC: 1Qgs0500051Z4rCZ4nE3Gv
 Info 11: Part:Polygon extrusion not allowed. Part reverted to BREP export
+-------------------------------------------
ID: 23561869 TS: ID5AAB6005-0000-050B-3135-323131383439, IFC: 1Qgs0500052p4rCZ4nE3Gv
 Info 11: Part:Polygon extrusion not allowed. Part reverted to BREP export
+-------------------------------------------
ID: 23561899 TS: ID5AAB6005-0000-0510-3135-323131383439, IFC: 1Qgs050005434rCZ4nE3Gv
 Info 11: Part:Polygon extrusion not allowed. Part reverted to BREP export
+-------------------------------------------
ID: 23561922 TS: ID5AAB6005-0000-0515-3135-323131383439, IFC: 1Qgs0500055J4rCZ4nE3Gv
 Info 11: Part:Polygon extrusion not allowed. Part reverted to BREP export
+-------------------------------------------
ID: 23561951 TS: ID5AAB6005-0000-051A-3135-323131383439, IFC: 1Qgs0500056Z4rCZ4nE3Gv
 Info 11: Part:Polygon extrusion not allowed. Part reverted to BREP export
+-------------------------------------------
ID: 23561980 TS: ID5AAB6005-0000-051F-3135-323131383439, IFC: 1Qgs0500057p4rCZ4nE3Gv
 Info 11: Part:Polygon extrusion not allowed. Part reverted to BREP export
+-------------------------------------------
ID: 23562009 TS: ID5AAB6005-0000-0524-3135-323131383439, IFC: 1Qgs050005934rCZ4nE3Gv
 Info 11: Part:Polygon extrusion not allowed. Part reverted to BREP export
+-------------------------------------------
ID: 23562038 TS: ID5AAB6005-0000-0529-3135-323131383439, IFC: 1Qgs050005AJ4rCZ4nE3Gv
 Info 11: Part:Polygon extrusion not allowed. Part reverted to BREP export
+-------------------------------------------
ID: 23562067 TS: ID5AAB6005-0000-052E-3135-323131383439, IFC: 1Qgs050005BZ4rCZ4nE3Gv
 Info 11: Part:Polygon extrusion not allowed. Part reverted to BREP export
+-------------------------------------------
ID: 23562096 TS: ID5AAB6005-0000-0533-3135-323131383439, IFC: 1Qgs050005Cp4rCZ4nE3Gv
 Info 11: Part:Polygon extrusion not allowed. Part reverted to BREP export
+-------------------------------------------
ID: 23562125 TS: ID5AAB6005-0000-0538-3135-323131383439, IFC: 1Qgs050005E34rCZ4nE3Gv
 Info 11: Part:Polygon extrusion not allowed. Part reverted to BREP export
+-------------------------------------------
ID: 23562154 TS: ID5AAB6005-0000-053D-3135-323131383439, IFC: 1Qgs050005FJ4rCZ4nE3Gv
 Info 11: Part:Polygon extrusion not allowed. Part reverted to BREP export
+-------------------------------------------
ID: 23562183 TS: ID5AAB6005-0000-0542-3135-323131383439, IFC: 1Qgs050005GZ4rCZ4nE3Gv
 Info 11: Part:Polygon extrusion not allowed. Part reverted to BREP export
+-------------------------------------------
ID: 23562212 TS: ID5AAB6005-0000-0547-3135-323131383439, IFC: 1Qgs050005Hp4rCZ4nE3Gv
 Info 11: Part:Polygon extrusion not allowed. Part reverted to BREP export
+-------------------------------------------
ID: 23562241 TS: ID5AAB6005-0000-054C-3135-323131383439, IFC: 1Qgs050005J34rCZ4nE3Gv
 Info 11: Part:Polygon extrusion not allowed. Part reverted to BREP export
+-------------------------------------------
ID: 23562270 TS: ID5AAB6005-0000-0551-3135-323131383439, IFC: 1Qgs050005KJ4rCZ4nE3Gv
 Info 11: Part:Polygon extrusion not allowed. Part reverted to BREP export
+-------------------------------------------
ID: 23562299 TS: ID5AAB6005-0000-0556-3135-323131383439, IFC: 1Qgs050005LZ4rCZ4nE3Gv
 Info 11: Part:Polygon extrusion not allowed. Part reverted to BREP export
+-------------------------------------------
ID: 23562328 TS: ID5AAB6005-0000-055B-3135-323131383439, IFC: 1Qgs050005Mp4rCZ4nE3Gv
 Info 11: Part:Polygon extrusion not allowed. Part reverted to BREP export
+-------------------------------------------
ID: 23562357 TS: ID5AAB6005-0000-0560-3135-323131383439, IFC: 1Qgs050005O34rCZ4nE3Gv
 Info 11: Part:Polygon extrusion not allowed. Part reverted to BREP export
+-------------------------------------------
ID: 23562386 TS: ID5AAB6005-0000-0565-3135-323131383439, IFC: 1Qgs050005PJ4rCZ4nE3Gv
 Info 11: Part:Polygon extrusion not allowed. Part reverted to BREP export
+-------------------------------------------
ID: 23562409 TS: ID5AAB6005-0000-056A-3135-323131383439, IFC: 1Qgs050005QZ4rCZ4nE3Gv
 Info 11: Part:Polygon extrusion not allowed. Part reverted to BREP export
+-------------------------------------------
ID: 23562438 TS: ID5AAB6005-0000-056F-3135-323131383439, IFC: 1Qgs050005Rp4rCZ4nE3Gv
 Info 11: Part:Polygon extrusion not allowed. Part reverted to BREP export
+-------------------------------------------
ID: 23562467 TS: ID5AAB6005-0000-0574-3135-323131383439, IFC: 1Qgs050005T34rCZ4nE3Gv
 Info 11: Part:Polygon extrusion not allowed. Part reverted to BREP export
+-------------------------------------------
ID: 23562496 TS: ID5AAB6005-0000-0579-3135-323131383439, IFC: 1Qgs050005UJ4rCZ4nE3Gv
 Info 11: Part:Polygon extrusion not allowed. Part reverted to BREP export
+-------------------------------------------
ID: 23562525 TS: ID5AAB6005-0000-057E-3135-323131383439, IFC: 1Qgs050005VZ4rCZ4nE3Gv
 Info 11: Part:Polygon extrusion not allowed. Part reverted to BREP export
+-------------------------------------------
ID: 23562554 TS: ID5AAB6005-0000-0583-3135-323131383439, IFC: 1Qgs050005Wp4rCZ4nE3Gv
 Info 11: Part:Polygon extrusion not allowed. Part reverted to BREP export
+-------------------------------------------
ID: 23562583 TS: ID5AAB6005-0000-0588-3135-323131383439, IFC: 1Qgs050005Y34rCZ4nE3Gv
 Info 11: Part:Polygon extrusion not allowed. Part reverted to BREP export
+-------------------------------------------
ID: 23562612 TS: ID5AAB6005-0000-058D-3135-323131383439, IFC: 1Qgs050005ZJ4rCZ4nE3Gv
 Info 11: Part:Polygon extrusion not allowed. Part reverted to BREP export
+-------------------------------------------
ID: 23562641 TS: ID5AAB6005-0000-0592-3135-323131383439, IFC: 1Qgs050005aZ4rCZ4nE3Gv
 Info 11: Part:Polygon extrusion not allowed. Part reverted to BREP export
+-------------------------------------------
ID: 23562670 TS: ID5AAB6005-0000-0597-3135-323131383439, IFC: 1Qgs050005bp4rCZ4nE3Gv
 Info 11: Part:Polygon extrusion not allowed. Part reverted to BREP export
+-------------------------------------------
ID: 23562699 TS: ID5AAB6005-0000-059C-3135-323131383439, IFC: 1Qgs050005d34rCZ4nE3Gv
 Info 11: Part:Polygon extrusion not allowed. Part reverted to BREP export
+-------------------------------------------
ID: 23562728 TS: ID5AAB6005-0000-05A1-3135-323131383439, IFC: 1Qgs050005eJ4rCZ4nE3Gv
 Info 11: Part:Polygon extrusion not allowed. Part reverted to BREP export
+-------------------------------------------
ID: 23562757 TS: ID5AAB6005-0000-05A6-3135-323131383439, IFC: 1Qgs050005fZ4rCZ4nE3Gv
 Info 11: Part:Polygon extrusion not allowed. Part reverted to BREP export
+-------------------------------------------
ID: 23562786 TS: ID5AAB6005-0000-05AB-3135-323131383439, IFC: 1Qgs050005gp4rCZ4nE3Gv
 Info 11: Part:Polygon extrusion not allowed. Part reverted to BREP export
+-------------------------------------------
ID: 23562815 TS: ID5AAB6005-0000-05B0-3135-323131383439, IFC: 1Qgs050005i34rCZ4nE3Gv
 Info 11: Part:Polygon extrusion not allowed. Part reverted to BREP export
+-------------------------------------------
ID: 23562844 TS: ID5AAB6005-0000-05B5-3135-323131383439, IFC: 1Qgs050005jJ4rCZ4nE3Gv
 Info 11: Part:Polygon extrusion not allowed. Part reverted to BREP export
+-------------------------------------------
ID: 23562873 TS: ID5AAB6005-0000-05BA-3135-323131383439, IFC: 1Qgs050005kZ4rCZ4nE3Gv
 Info 11: Part:Polygon extrusion not allowed. Part reverted to BREP export
+-------------------------------------------
ID: 23562896 TS: ID5AAB6005-0000-05BF-3135-323131383439, IFC: 1Qgs050005lp4rCZ4nE3Gv
 Info 11: Part:Polygon extrusion not allowed. Part reverted to BREP export
+-------------------------------------------
ID: 23562925 TS: ID5AAB6005-0000-05C4-3135-323131383439, IFC: 1Qgs050005n34rCZ4nE3Gv
 Info 11: Part:Polygon extrusion not allowed. Part reverted to BREP export
+-------------------------------------------
ID: 23562955 TS: ID5AAB6005-0000-05C9-3135-323131383439, IFC: 1Qgs050005oJ4rCZ4nE3Gv
 Info 11: Part:Polygon extrusion not allowed. Part reverted to BREP export
+-------------------------------------------
ID: 23562984 TS: ID5AAB6005-0000-05CE-3135-323131383439, IFC: 1Qgs050005pZ4rCZ4nE3Gv
 Info 11: Part:Polygon extrusion not allowed. Part reverted to BREP export
+-------------------------------------------
ID: 23563013 TS: ID5AAB6005-0000-05D3-3135-323131383439, IFC: 1Qgs050005qp4rCZ4nE3Gv
 Info 11: Part:Polygon extrusion not allowed. Part reverted to BREP export
+-------------------------------------------
ID: 23563042 TS: ID5AAB6005-0000-05D8-3135-323131383439, IFC: 1Qgs050005s34rCZ4nE3Gv
 Info 11: Part:Polygon extrusion not allowed. Part reverted to BREP export
+-------------------------------------------
ID: 23563071 TS: ID5AAB6005-0000-05DD-3135-323131383439, IFC: 1Qgs050005tJ4rCZ4nE3Gv
 Info 11: Part:Polygon extrusion not allowed. Part reverted to BREP export
+-------------------------------------------
ID: 23563100 TS: ID5AAB6005-0000-05E2-3135-323131383439, IFC: 1Qgs050005uZ4rCZ4nE3Gv
 Info 11: Part:Polygon extrusion not allowed. Part reverted to BREP export
+-------------------------------------------
ID: 23563129 TS: ID5AAB6005-0000-05E7-3135-323131383439, IFC: 1Qgs050005vp4rCZ4nE3Gv
 Info 11: Part:Polygon extrusion not allowed. Part reverted to BREP export
+-------------------------------------------
ID: 23563158 TS: ID5AAB6005-0000-05EC-3135-323131383439, IFC: 1Qgs050005x34rCZ4nE3Gv
 Info 11: Part:Polygon extrusion not allowed. Part reverted to BREP export
+-------------------------------------------
ID: 23563187 TS: ID5AAB6005-0000-05F1-3135-323131383439, IFC: 1Qgs050005yJ4rCZ4nE3Gv
 Info 11: Part:Polygon extrusion not allowed. Part reverted to BREP export
+-------------------------------------------
ID: 23563216 TS: ID5AAB6005-0000-05F6-3135-323131383439, IFC: 1Qgs050005zZ4rCZ4nE3Gv
 Info 11: Part:Polygon extrusion not allowed. Part reverted to BREP export
+-------------------------------------------
ID: 23563245 TS: ID5AAB6005-0000-05FB-3135-323131383439, IFC: 1Qgs050005_p4rCZ4nE3Gv
 Info 11: Part:Polygon extrusion not allowed. Part reverted to BREP export
+-------------------------------------------
ID: 23563274 TS: ID5AAB6005-0000-0600-3135-323131383439, IFC: 1Qgs050006034rCZ4nE3Gv
 Info 11: Part:Polygon extrusion not allowed. Part reverted to BREP export
+-------------------------------------------
ID: 23563303 TS: ID5AAB6005-0000-0605-3135-323131383439, IFC: 1Qgs0500061J4rCZ4nE3Gv
 Info 11: Part:Polygon extrusion not allowed. Part reverted to BREP export
+-------------------------------------------
ID: 23563332 TS: ID5AAB6005-0000-060A-3135-323131383439, IFC: 1Qgs0500062Z4rCZ4nE3Gv
 Info 11: Part:Polygon extrusion not allowed. Part reverted to BREP export
+-------------------------------------------
ID: 23563362 TS: ID5AAB6005-0000-060F-3135-323131383439, IFC: 1Qgs0500063p4rCZ4nE3Gv
 Info 11: Part:Polygon extrusion not allowed. Part reverted to BREP export
+-------------------------------------------
ID: 23564031 TS: ID5AAB6005-0000-0722-3135-323131383532, IFC: 1Qgs0500078Z4rCZ4nE3Ko
 Info 11: Part:Polygon extrusion not allowed. Part reverted to BREP export
+-------------------------------------------
ID: 23564053 TS: ID5AAB6005-0000-0726-3135-323131383532, IFC: 1Qgs0500079Z4rCZ4nE3Ko
 Info 11: Part:Polygon extrusion not allowed. Part reverted to BREP export
+-------------------------------------------
ID: 23564397 TS: ID5AAB6005-0000-0756-3135-323131383538, IFC: 1Qgs050007LZ4rCZ4nE3Ku
 Info 11: Part:Polygon extrusion not allowed. Part reverted to BREP export
+-------------------------------------------
ID: 23564420 TS: ID5AAB6005-0000-075A-3135-323131383538, IFC: 1Qgs050007MZ4rCZ4nE3Ku
 Info 11: Part:Polygon extrusion not allowed. Part reverted to BREP export
+-------------------------------------------
ID: 23564505 TS: ID5AAB6005-0000-0775-3135-323131383630, IFC: 1Qgs050007TJ4rCZ4nE3Om
 Info 11: Part:Polygon extrusion not allowed. Part reverted to BREP export
+-------------------------------------------
ID: 23564528 TS: ID5AAB6005-0000-0779-3135-323131383630, IFC: 1Qgs050007UJ4rCZ4nE3Om
 Info 11: Part:Polygon extrusion not allowed. Part reverted to BREP export
+-------------------------------------------
ID: 23564564 TS: ID5AAB6005-0000-077F-3135-323131383630, IFC: 1Qgs050007Vp4rCZ4nE3Om
 Info 11: Part:Polygon extrusion not allowed. Part reverted to BREP export
+-------------------------------------------
ID: 23564586 TS: ID5AAB6005-0000-0783-3135-323131383630, IFC: 1Qgs050007Wp4rCZ4nE3Om
 Info 11: Part:Polygon extrusion not allowed. Part reverted to BREP export
+-------------------------------------------
ID: 23564608 TS: ID5AAB6005-0000-0787-3135-323131383630, IFC: 1Qgs050007Xp4rCZ4nE3Om
 Info 11: Part:Polygon extrusion not allowed. Part reverted to BREP export
+-------------------------------------------
ID: 23564631 TS: ID5AAB6005-0000-078B-3135-323131383630, IFC: 1Qgs050007Yp4rCZ4nE3Om
 Info 11: Part:Polygon extrusion not allowed. Part reverted to BREP export
+-------------------------------------------
ID: 23564653 TS: ID5AAB6005-0000-078F-3135-323131383630, IFC: 1Qgs050007Zp4rCZ4nE3Om
 Info 11: Part:Polygon extrusion not allowed. Part reverted to BREP export
+-------------------------------------------
ID: 23564675 TS: ID5AAB6005-0000-0793-3135-323131383630, IFC: 1Qgs050007ap4rCZ4nE3Om
 Info 11: Part:Polygon extrusion not allowed. Part reverted to BREP export
+-------------------------------------------
ID: 23564756 TS: ID5AAB6005-0000-07A0-3135-323131383633, IFC: 1Qgs050007e34rCZ4nE3Op
 Info 11: Part:Polygon extrusion not allowed. Part reverted to BREP export
+-------------------------------------------
ID: 23564918 TS: ID5AAC2531-0000-0013-3135-323132333132, IFC: 1Qh2Kn00004p4rCZ4oCp4o
 Info 11: Part:Polygon extrusion not allowed. Part reverted to BREP export
+-------------------------------------------
ID: 23564950 TS: ID5AAC2531-0000-0018-3135-323132333132, IFC: 1Qh2Kn0000634rCZ4oCp4o
 Info 11: Part:Polygon extrusion not allowed. Part reverted to BREP export
+-------------------------------------------
ID: 23564982 TS: ID5AAC2531-0000-001D-3135-323132333132, IFC: 1Qh2Kn00007J4rCZ4oCp4o
 Info 11: Part:Polygon extrusion not allowed. Part reverted to BREP export
+-------------------------------------------
ID: 23565013 TS: ID5AAC2531-0000-0022-3135-323132333132, IFC: 1Qh2Kn00008Z4rCZ4oCp4o
 Info 11: Part:Polygon extrusion not allowed. Part reverted to BREP export
+-------------------------------------------
ID: 23565043 TS: ID5AAC2531-0000-0027-3135-323132333132, IFC: 1Qh2Kn00009p4rCZ4oCp4o
 Info 11: Part:Polygon extrusion not allowed. Part reverted to BREP export
+-------------------------------------------
ID: 23565072 TS: ID5AAC2531-0000-002C-3135-323132333132, IFC: 1Qh2Kn0000B34rCZ4oCp4o
 Info 11: Part:Polygon extrusion not allowed. Part reverted to BREP export
+-------------------------------------------
ID: 23565101 TS: ID5AAC2531-0000-0031-3135-323132333132, IFC: 1Qh2Kn0000CJ4rCZ4oCp4o
 Info 11: Part:Polygon extrusion not allowed. Part reverted to BREP export
+-------------------------------------------
ID: 23565130 TS: ID5AAC2531-0000-0036-3135-323132333132, IFC: 1Qh2Kn0000DZ4rCZ4oCp4o
 Info 11: Part:Polygon extrusion not allowed. Part reverted to BREP export
+-------------------------------------------
ID: 23565159 TS: ID5AAC2531-0000-003B-3135-323132333132, IFC: 1Qh2Kn0000Ep4rCZ4oCp4o
 Info 11: Part:Polygon extrusion not allowed. Part reverted to BREP export
+-------------------------------------------
ID: 23565188 TS: ID5AAC2531-0000-0040-3135-323132333132, IFC: 1Qh2Kn0000G34rCZ4oCp4o
 Info 11: Part:Polygon extrusion not allowed. Part reverted to BREP export
+-------------------------------------------
ID: 23565217 TS: ID5AAC2531-0000-0045-3135-323132333132, IFC: 1Qh2Kn0000HJ4rCZ4oCp4o
 Info 11: Part:Polygon extrusion not allowed. Part reverted to BREP export
+-------------------------------------------
ID: 23565246 TS: ID5AAC2531-0000-004A-3135-323132333132, IFC: 1Qh2Kn0000IZ4rCZ4oCp4o
 Info 11: Part:Polygon extrusion not allowed. Part reverted to BREP export
+-------------------------------------------
ID: 23565375 TS: ID5AAC2531-0000-0078-3135-323132333133, IFC: 1Qh2Kn0000U34rCZ4oCp4p
 Info 11: Part:Polygon extrusion not allowed. Part reverted to BREP export
+-------------------------------------------
ID: 23565405 TS: ID5AAC2531-0000-007D-3135-323132333133, IFC: 1Qh2Kn0000VJ4rCZ4oCp4p
 Info 11: Part:Polygon extrusion not allowed. Part reverted to BREP export
+-------------------------------------------
ID: 23565434 TS: ID5AAC2531-0000-0082-3135-323132333133, IFC: 1Qh2Kn0000WZ4rCZ4oCp4p
 Info 11: Part:Polygon extrusion not allowed. Part reverted to BREP export
+-------------------------------------------
ID: 23565463 TS: ID5AAC2531-0000-0087-3135-323132333133, IFC: 1Qh2Kn0000Xp4rCZ4oCp4p
 Info 11: Part:Polygon extrusion not allowed. Part reverted to BREP export
+-------------------------------------------
ID: 23565492 TS: ID5AAC2531-0000-008C-3135-323132333133, IFC: 1Qh2Kn0000Z34rCZ4oCp4p
 Info 11: Part:Polygon extrusion not allowed. Part reverted to BREP export
+-------------------------------------------
ID: 23565521 TS: ID5AAC2531-0000-0091-3135-323132333133, IFC: 1Qh2Kn0000aJ4rCZ4oCp4p
 Info 11: Part:Polygon extrusion not allowed. Part reverted to BREP export
+-------------------------------------------
ID: 23565550 TS: ID5AAC2531-0000-0096-3135-323132333133, IFC: 1Qh2Kn0000bZ4rCZ4oCp4p
 Info 11: Part:Polygon extrusion not allowed. Part reverted to BREP export
+-------------------------------------------
ID: 23565579 TS: ID5AAC2531-0000-009B-3135-323132333133, IFC: 1Qh2Kn0000cp4rCZ4oCp4p
 Info 11: Part:Polygon extrusion not allowed. Part reverted to BREP export
+-------------------------------------------
ID: 23565608 TS: ID5AAC2531-0000-00A0-3135-323132333133, IFC: 1Qh2Kn0000e34rCZ4oCp4p
 Info 11: Part:Polygon extrusion not allowed. Part reverted to BREP export
+-------------------------------------------
ID: 23565637 TS: ID5AAC2531-0000-00A5-3135-323132333133, IFC: 1Qh2Kn0000fJ4rCZ4oCp4p
 Info 11: Part:Polygon extrusion not allowed. Part reverted to BREP export
+-------------------------------------------
ID: 23565666 TS: ID5AAC2531-0000-00AA-3135-323132333133, IFC: 1Qh2Kn0000gZ4rCZ4oCp4p
 Info 11: Part:Polygon extrusion not allowed. Part reverted to BREP export
+-------------------------------------------
ID: 23565695 TS: ID5AAC2531-0000-00AF-3135-323132333133, IFC: 1Qh2Kn0000hp4rCZ4oCp4p
 Info 11: Part:Polygon extrusion not allowed. Part reverted to BREP export
+-------------------------------------------
ID: 23565747 TS: ID5AAC2531-0000-00B9-3135-323132333133, IFC: 1Qh2Kn0000kJ4rCZ4oCp4p
 Info 11: Part:Polygon extrusion not allowed. Part reverted to BREP export
+-------------------------------------------
ID: 23565776 TS: ID5AAC2531-0000-00BE-3135-323132333133, IFC: 1Qh2Kn0000lZ4rCZ4oCp4p
 Info 11: Part:Polygon extrusion not allowed. Part reverted to BREP export
+-------------------------------------------
ID: 23565805 TS: ID5AAC2531-0000-00C3-3135-323132333133, IFC: 1Qh2Kn0000mp4rCZ4oCp4p
 Info 11: Part:Polygon extrusion not allowed. Part reverted to BREP export
+-------------------------------------------
ID: 23565834 TS: ID5AAC2531-0000-00C8-3135-323132333133, IFC: 1Qh2Kn0000o34rCZ4oCp4p
 Info 11: Part:Polygon extrusion not allowed. Part reverted to BREP export
+-------------------------------------------
ID: 23565863 TS: ID5AAC2531-0000-00CD-3135-323132333133, IFC: 1Qh2Kn0000pJ4rCZ4oCp4p
 Info 11: Part:Polygon extrusion not allowed. Part reverted to BREP export
+-------------------------------------------
ID: 23565892 TS: ID5AAC2531-0000-00D2-3135-323132333133, IFC: 1Qh2Kn0000qZ4rCZ4oCp4p
 Info 11: Part:Polygon extrusion not allowed. Part reverted to BREP export
+-------------------------------------------
ID: 23565921 TS: ID5AAC2531-0000-00D7-3135-323132333133, IFC: 1Qh2Kn0000rp4rCZ4oCp4p
 Info 11: Part:Polygon extrusion not allowed. Part reverted to BREP export
+-------------------------------------------
ID: 23565950 TS: ID5AAC2531-0000-00DC-3135-323132333133, IFC: 1Qh2Kn0000t34rCZ4oCp4p
 Info 11: Part:Polygon extrusion not allowed. Part reverted to BREP export
+-------------------------------------------
ID: 23565979 TS: ID5AAC2531-0000-00E1-3135-323132333133, IFC: 1Qh2Kn0000uJ4rCZ4oCp4p
 Info 11: Part:Polygon extrusion not allowed. Part reverted to BREP export
+-------------------------------------------
ID: 23566008 TS: ID5AAC2531-0000-00E6-3135-323132333133, IFC: 1Qh2Kn0000vZ4rCZ4oCp4p
 Info 11: Part:Polygon extrusion not allowed. Part reverted to BREP export
+-------------------------------------------
ID: 23566037 TS: ID5AAC2531-0000-00EB-3135-323132333133, IFC: 1Qh2Kn0000wp4rCZ4oCp4p
 Info 11: Part:Polygon extrusion not allowed. Part reverted to BREP export
+-------------------------------------------
ID: 23566066 TS: ID5AAC2531-0000-00F0-3135-323132333133, IFC: 1Qh2Kn0000y34rCZ4oCp4p
 Info 11: Part:Polygon extrusion not allowed. Part reverted to BREP export
+-------------------------------------------
ID: 23566270 TS: ID5AAC2531-0000-0146-3135-323132333134, IFC: 1Qh2Kn0001HZ4rCZ4oCp4q
 Info 11: Part:Polygon extrusion not allowed. Part reverted to BREP export
+-------------------------------------------
ID: 23566301 TS: ID5AAC2531-0000-014B-3135-323132333134, IFC: 1Qh2Kn0001Ip4rCZ4oCp4q
 Info 11: Part:Polygon extrusion not allowed. Part reverted to BREP export
+-------------------------------------------
ID: 23566332 TS: ID5AAC2531-0000-0150-3135-323132333134, IFC: 1Qh2Kn0001K34rCZ4oCp4q
 Info 11: Part:Polygon extrusion not allowed. Part reverted to BREP export
+-------------------------------------------
ID: 23566362 TS: ID5AAC2531-0000-0155-3135-323132333134, IFC: 1Qh2Kn0001LJ4rCZ4oCp4q
 Info 11: Part:Polygon extrusion not allowed. Part reverted to BREP export
+-------------------------------------------
ID: 23566392 TS: ID5AAC2531-0000-015A-3135-323132333134, IFC: 1Qh2Kn0001MZ4rCZ4oCp4q
 Info 11: Part:Polygon extrusion not allowed. Part reverted to BREP export
+-------------------------------------------
ID: 23566421 TS: ID5AAC2531-0000-015F-3135-323132333134, IFC: 1Qh2Kn0001Np4rCZ4oCp4q
 Info 11: Part:Polygon extrusion not allowed. Part reverted to BREP export
+-------------------------------------------
ID: 23566451 TS: ID5AAC2531-0000-0164-3135-323132333134, IFC: 1Qh2Kn0001P34rCZ4oCp4q
 Info 11: Part:Polygon extrusion not allowed. Part reverted to BREP export
+-------------------------------------------
ID: 23566481 TS: ID5AAC2531-0000-0169-3135-323132333134, IFC: 1Qh2Kn0001QJ4rCZ4oCp4q
 Info 11: Part:Polygon extrusion not allowed. Part reverted to BREP export
+-------------------------------------------
ID: 23566510 TS: ID5AAC2531-0000-016E-3135-323132333134, IFC: 1Qh2Kn0001RZ4rCZ4oCp4q
 Info 11: Part:Polygon extrusion not allowed. Part reverted to BREP export
+-------------------------------------------
ID: 23566539 TS: ID5AAC2531-0000-0173-3135-323132333134, IFC: 1Qh2Kn0001Sp4rCZ4oCp4q
 Info 11: Part:Polygon extrusion not allowed. Part reverted to BREP export
+-------------------------------------------
ID: 23566568 TS: ID5AAC2531-0000-0178-3135-323132333134, IFC: 1Qh2Kn0001U34rCZ4oCp4q
 Info 11: Part:Polygon extrusion not allowed. Part reverted to BREP export
+-------------------------------------------
ID: 23566597 TS: ID5AAC2531-0000-017D-3135-323132333134, IFC: 1Qh2Kn0001VJ4rCZ4oCp4q
 Info 11: Part:Polygon extrusion not allowed. Part reverted to BREP export
+-------------------------------------------
ID: 23566651 TS: ID5AAC2531-0000-0187-3135-323132333134, IFC: 1Qh2Kn0001Xp4rCZ4oCp4q
 Info 11: Part:Polygon extrusion not allowed. Part reverted to BREP export
+-------------------------------------------
ID: 23566681 TS: ID5AAC2531-0000-018C-3135-323132333134, IFC: 1Qh2Kn0001Z34rCZ4oCp4q
 Info 11: Part:Polygon extrusion not allowed. Part reverted to BREP export
+-------------------------------------------
ID: 23566711 TS: ID5AAC2531-0000-0191-3135-323132333134, IFC: 1Qh2Kn0001aJ4rCZ4oCp4q
 Info 11: Part:Polygon extrusion not allowed. Part reverted to BREP export
+-------------------------------------------
ID: 23566740 TS: ID5AAC2531-0000-0196-3135-323132333134, IFC: 1Qh2Kn0001bZ4rCZ4oCp4q
 Info 11: Part:Polygon extrusion not allowed. Part reverted to BREP export
+-------------------------------------------
ID: 23566769 TS: ID5AAC2531-0000-019B-3135-323132333134, IFC: 1Qh2Kn0001cp4rCZ4oCp4q
 Info 11: Part:Polygon extrusion not allowed. Part reverted to BREP export
+-------------------------------------------
ID: 23566798 TS: ID5AAC2531-0000-01A0-3135-323132333134, IFC: 1Qh2Kn0001e34rCZ4oCp4q
 Info 11: Part:Polygon extrusion not allowed. Part reverted to BREP export
+-------------------------------------------
ID: 23566827 TS: ID5AAC2531-0000-01A5-3135-323132333134, IFC: 1Qh2Kn0001fJ4rCZ4oCp4q
 Info 11: Part:Polygon extrusion not allowed. Part reverted to BREP export
+-------------------------------------------
ID: 23566856 TS: ID5AAC2531-0000-01AA-3135-323132333134, IFC: 1Qh2Kn0001gZ4rCZ4oCp4q
 Info 11: Part:Polygon extrusion not allowed. Part reverted to BREP export
+-------------------------------------------
ID: 23566885 TS: ID5AAC2531-0000-01AF-3135-323132333134, IFC: 1Qh2Kn0001hp4rCZ4oCp4q
 Info 11: Part:Polygon extrusion not allowed. Part reverted to BREP export
+-------------------------------------------
ID: 23566914 TS: ID5AAC2531-0000-01B4-3135-323132333134, IFC: 1Qh2Kn0001j34rCZ4oCp4q
 Info 11: Part:Polygon extrusion not allowed. Part reverted to BREP export
+-------------------------------------------
ID: 23566943 TS: ID5AAC2531-0000-01B9-3135-323132333134, IFC: 1Qh2Kn0001kJ4rCZ4oCp4q
 Info 11: Part:Polygon extrusion not allowed. Part reverted to BREP export
+-------------------------------------------
ID: 23566972 TS: ID5AAC2531-0000-01BE-3135-323132333134, IFC: 1Qh2Kn0001lZ4rCZ4oCp4q
 Info 11: Part:Polygon extrusion not allowed. Part reverted to BREP export
+-------------------------------------------
ID: 23567026 TS: ID5AAC2531-0000-01C8-3135-323132333134, IFC: 1Qh2Kn0001o34rCZ4oCp4q
 Info 11: Part:Polygon extrusion not allowed. Part reverted to BREP export
+-------------------------------------------
ID: 23567056 TS: ID5AAC2531-0000-01CD-3135-323132333134, IFC: 1Qh2Kn0001pJ4rCZ4oCp4q
 Info 11: Part:Polygon extrusion not allowed. Part reverted to BREP export
+-------------------------------------------
ID: 23567085 TS: ID5AAC2531-0000-01D2-3135-323132333134, IFC: 1Qh2Kn0001qZ4rCZ4oCp4q
 Info 11: Part:Polygon extrusion not allowed. Part reverted to BREP export
+-------------------------------------------
ID: 23567114 TS: ID5AAC2531-0000-01D7-3135-323132333134, IFC: 1Qh2Kn0001rp4rCZ4oCp4q
 Info 11: Part:Polygon extrusion not allowed. Part reverted to BREP export
+-------------------------------------------
ID: 23567143 TS: ID5AAC2531-0000-01DC-3135-323132333134, IFC: 1Qh2Kn0001t34rCZ4oCp4q
 Info 11: Part:Polygon extrusion not allowed. Part reverted to BREP export
+-------------------------------------------
ID: 23567172 TS: ID5AAC2531-0000-01E1-3135-323132333134, IFC: 1Qh2Kn0001uJ4rCZ4oCp4q
 Info 11: Part:Polygon extrusion not allowed. Part reverted to BREP export
+-------------------------------------------
ID: 23567201 TS: ID5AAC2531-0000-01E6-3135-323132333134, IFC: 1Qh2Kn0001vZ4rCZ4oCp4q
 Info 11: Part:Polygon extrusion not allowed. Part reverted to BREP export
+-------------------------------------------
ID: 23567231 TS: ID5AAC2531-0000-01EB-3135-323132333134, IFC: 1Qh2Kn0001wp4rCZ4oCp4q
 Info 11: Part:Polygon extrusion not allowed. Part reverted to BREP export
+-------------------------------------------
ID: 23567260 TS: ID5AAC2531-0000-01F0-3135-323132333134, IFC: 1Qh2Kn0001y34rCZ4oCp4q
 Info 11: Part:Polygon extrusion not allowed. Part reverted to BREP export
+-------------------------------------------
ID: 23567289 TS: ID5AAC2531-0000-01F5-3135-323132333134, IFC: 1Qh2Kn0001zJ4rCZ4oCp4q
 Info 11: Part:Polygon extrusion not allowed. Part reverted to BREP export
+-------------------------------------------
ID: 23567318 TS: ID5AAC2531-0000-01FA-3135-323132333134, IFC: 1Qh2Kn0001_Z4rCZ4oCp4q
 Info 11: Part:Polygon extrusion not allowed. Part reverted to BREP export
+-------------------------------------------
ID: 23567347 TS: ID5AAC2531-0000-01FF-3135-323132333134, IFC: 1Qh2Kn0001$p4rCZ4oCp4q
 Info 11: Part:Polygon extrusion not allowed. Part reverted to BREP export
+-------------------------------------------
ID: 23567399 TS: ID5AAC2531-0000-0209-3135-323132333134, IFC: 1Qh2Kn00022J4rCZ4oCp4q
 Info 11: Part:Polygon extrusion not allowed. Part reverted to BREP export
+-------------------------------------------
ID: 23567428 TS: ID5AAC2531-0000-020E-3135-323132333134, IFC: 1Qh2Kn00023Z4rCZ4oCp4q
 Info 11: Part:Polygon extrusion not allowed. Part reverted to BREP export
+-------------------------------------------
ID: 23567457 TS: ID5AAC2531-0000-0213-3135-323132333134, IFC: 1Qh2Kn00024p4rCZ4oCp4q
 Info 11: Part:Polygon extrusion not allowed. Part reverted to BREP export
+-------------------------------------------
ID: 23567486 TS: ID5AAC2531-0000-0218-3135-323132333134, IFC: 1Qh2Kn0002634rCZ4oCp4q
 Info 11: Part:Polygon extrusion not allowed. Part reverted to BREP export
+-------------------------------------------
ID: 23567515 TS: ID5AAC2531-0000-021D-3135-323132333134, IFC: 1Qh2Kn00027J4rCZ4oCp4q
 Info 11: Part:Polygon extrusion not allowed. Part reverted to BREP export
+-------------------------------------------
ID: 23567544 TS: ID5AAC2531-0000-0222-3135-323132333134, IFC: 1Qh2Kn00028Z4rCZ4oCp4q
 Info 11: Part:Polygon extrusion not allowed. Part reverted to BREP export
+-------------------------------------------
ID: 23567573 TS: ID5AAC2531-0000-0227-3135-323132333134, IFC: 1Qh2Kn00029p4rCZ4oCp4q
 Info 11: Part:Polygon extrusion not allowed. Part reverted to BREP export
+-------------------------------------------
ID: 23567602 TS: ID5AAC2531-0000-022C-3135-323132333134, IFC: 1Qh2Kn0002B34rCZ4oCp4q
 Info 11: Part:Polygon extrusion not allowed. Part reverted to BREP export
+-------------------------------------------
ID: 23567631 TS: ID5AAC2531-0000-0231-3135-323132333134, IFC: 1Qh2Kn0002CJ4rCZ4oCp4q
 Info 11: Part:Polygon extrusion not allowed. Part reverted to BREP export
+-------------------------------------------
ID: 23567660 TS: ID5AAC2531-0000-0236-3135-323132333134, IFC: 1Qh2Kn0002DZ4rCZ4oCp4q
 Info 11: Part:Polygon extrusion not allowed. Part reverted to BREP export
+-------------------------------------------
ID: 23567689 TS: ID5AAC2531-0000-023B-3135-323132333134, IFC: 1Qh2Kn0002Ep4rCZ4oCp4q
 Info 11: Part:Polygon extrusion not allowed. Part reverted to BREP export
+-------------------------------------------
ID: 23567718 TS: ID5AAC2531-0000-0240-3135-323132333134, IFC: 1Qh2Kn0002G34rCZ4oCp4q
 Info 11: Part:Polygon extrusion not allowed. Part reverted to BREP export
+-------------------------------------------
ID: 23568572 TS: ID5AAC7181-0000-003B-3135-323132353137, IFC: 1Qh7610000Ep4rCZ4oDJ4t
 Info 11: Part:Polygon extrusion not allowed. Part reverted to BREP export
+-------------------------------------------
ID: 23568595 TS: ID5AAC7181-0000-003F-3135-323132353137, IFC: 1Qh7610000Fp4rCZ4oDJ4t
 Info 11: Part:Polygon extrusion not allowed. Part reverted to BREP export
+-------------------------------------------
ID: 23568618 TS: ID5AAC7181-0000-0043-3135-323132353137, IFC: 1Qh7610000Gp4rCZ4oDJ4t
 Info 11: Part:Polygon extrusion not allowed. Part reverted to BREP export
+-------------------------------------------
ID: 23568640 TS: ID5AAC7181-0000-0047-3135-323132353137, IFC: 1Qh7610000Hp4rCZ4oDJ4t
 Info 11: Part:Polygon extrusion not allowed. Part reverted to BREP export
+-------------------------------------------
ID: 23568662 TS: ID5AAC7181-0000-004B-3135-323132353137, IFC: 1Qh7610000Ip4rCZ4oDJ4t
 Info 11: Part:Polygon extrusion not allowed. Part reverted to BREP export
+-------------------------------------------
ID: 23568685 TS: ID5AAC7181-0000-004F-3135-323132353137, IFC: 1Qh7610000Jp4rCZ4oDJ4t
 Info 11: Part:Polygon extrusion not allowed. Part reverted to BREP export
+-------------------------------------------
ID: 23568708 TS: ID5AAC7181-0000-0053-3135-323132353137, IFC: 1Qh7610000Kp4rCZ4oDJ4t
 Info 11: Part:Polygon extrusion not allowed. Part reverted to BREP export
+-------------------------------------------
ID: 23568731 TS: ID5AAC7181-0000-0057-3135-323132353137, IFC: 1Qh7610000Lp4rCZ4oDJ4t
 Info 11: Part:Polygon extrusion not allowed. Part reverted to BREP export
+-------------------------------------------
ID: 23568754 TS: ID5AAC7181-0000-005B-3135-323132353137, IFC: 1Qh7610000Mp4rCZ4oDJ4t
 Info 11: Part:Polygon extrusion not allowed. Part reverted to BREP export
+-------------------------------------------
ID: 23568776 TS: ID5AAC7181-0000-005F-3135-323132353137, IFC: 1Qh7610000Np4rCZ4oDJ4t
 Info 11: Part:Polygon extrusion not allowed. Part reverted to BREP export
+-------------------------------------------
ID: 23568798 TS: ID5AAC7181-0000-0063-3135-323132353137, IFC: 1Qh7610000Op4rCZ4oDJ4t
 Info 11: Part:Polygon extrusion not allowed. Part reverted to BREP export
+-------------------------------------------
ID: 23568821 TS: ID5AAC7181-0000-0067-3135-323132353137, IFC: 1Qh7610000Pp4rCZ4oDJ4t
 Info 11: Part:Polygon extrusion not allowed. Part reverted to BREP export
+-------------------------------------------
ID: 23569486 TS: ID5AAC7181-0000-010B-3135-323132353534, IFC: 1Qh76100012p4rCZ4oDJKq
 Info 11: Part:Polygon extrusion not allowed. Part reverted to BREP export
+-------------------------------------------
ID: 23569508 TS: ID5AAC7181-0000-010F-3135-323132353534, IFC: 1Qh76100013p4rCZ4oDJKq
 Info 11: Part:Polygon extrusion not allowed. Part reverted to BREP export
+-------------------------------------------
ID: 23569530 TS: ID5AAC7181-0000-0113-3135-323132353534, IFC: 1Qh76100014p4rCZ4oDJKq
 Info 11: Part:Polygon extrusion not allowed. Part reverted to BREP export
+-------------------------------------------
ID: 23569552 TS: ID5AAC7181-0000-0117-3135-323132353534, IFC: 1Qh76100015p4rCZ4oDJKq
 Info 11: Part:Polygon extrusion not allowed. Part reverted to BREP export
+-------------------------------------------
ID: 23569574 TS: ID5AAC7181-0000-011B-3135-323132353534, IFC: 1Qh76100016p4rCZ4oDJKq
 Info 11: Part:Polygon extrusion not allowed. Part reverted to BREP export
+-------------------------------------------
ID: 23569596 TS: ID5AAC7181-0000-011F-3135-323132353534, IFC: 1Qh76100017p4rCZ4oDJKq
 Info 11: Part:Polygon extrusion not allowed. Part reverted to BREP export
+-------------------------------------------
ID: 23569618 TS: ID5AAC7181-0000-0123-3135-323132353534, IFC: 1Qh76100018p4rCZ4oDJKq
 Info 11: Part:Polygon extrusion not allowed. Part reverted to BREP export
+-------------------------------------------
ID: 23569640 TS: ID5AAC7181-0000-0127-3135-323132353534, IFC: 1Qh76100019p4rCZ4oDJKq
 Info 11: Part:Polygon extrusion not allowed. Part reverted to BREP export
+-------------------------------------------
ID: 23569662 TS: ID5AAC7181-0000-012B-3135-323132353535, IFC: 1Qh7610001Ap4rCZ4oDJKr
 Info 11: Part:Polygon extrusion not allowed. Part reverted to BREP export
+-------------------------------------------
ID: 23569684 TS: ID5AAC7181-0000-012F-3135-323132353535, IFC: 1Qh7610001Bp4rCZ4oDJKr
 Info 11: Part:Polygon extrusion not allowed. Part reverted to BREP export
+-------------------------------------------
ID: 23569706 TS: ID5AAC7181-0000-0133-3135-323132353535, IFC: 1Qh7610001Cp4rCZ4oDJKr
 Info 11: Part:Polygon extrusion not allowed. Part reverted to BREP export
+-------------------------------------------
ID: 23569728 TS: ID5AAC7181-0000-0137-3135-323132353535, IFC: 1Qh7610001Dp4rCZ4oDJKr
 Info 11: Part:Polygon extrusion not allowed. Part reverted to BREP export
+-------------------------------------------
ID: 23569750 TS: ID5AAC7181-0000-013B-3135-323132353535, IFC: 1Qh7610001Ep4rCZ4oDJKr
 Info 11: Part:Polygon extrusion not allowed. Part reverted to BREP export
+-------------------------------------------
ID: 23569772 TS: ID5AAC7181-0000-013F-3135-323132353535, IFC: 1Qh7610001Fp4rCZ4oDJKr
 Info 11: Part:Polygon extrusion not allowed. Part reverted to BREP export
+-------------------------------------------
ID: 23569794 TS: ID5AAC7181-0000-0143-3135-323132353535, IFC: 1Qh7610001Gp4rCZ4oDJKr
 Info 11: Part:Polygon extrusion not allowed. Part reverted to BREP export
+-------------------------------------------
ID: 23569816 TS: ID5AAC7181-0000-0147-3135-323132353535, IFC: 1Qh7610001Hp4rCZ4oDJKr
 Info 11: Part:Polygon extrusion not allowed. Part reverted to BREP export
+-------------------------------------------
ID: 23569838 TS: ID5AAC7181-0000-014B-3135-323132353535, IFC: 1Qh7610001Ip4rCZ4oDJKr
 Info 11: Part:Polygon extrusion not allowed. Part reverted to BREP export
+-------------------------------------------
ID: 23569860 TS: ID5AAC7181-0000-014F-3135-323132353535, IFC: 1Qh7610001Jp4rCZ4oDJKr
 Info 11: Part:Polygon extrusion not allowed. Part reverted to BREP export
+-------------------------------------------
ID: 23569882 TS: ID5AAC7181-0000-0153-3135-323132353535, IFC: 1Qh7610001Kp4rCZ4oDJKr
 Info 11: Part:Polygon extrusion not allowed. Part reverted to BREP export
+-------------------------------------------
ID: 23569904 TS: ID5AAC7181-0000-0157-3135-323132353535, IFC: 1Qh7610001Lp4rCZ4oDJKr
 Info 11: Part:Polygon extrusion not allowed. Part reverted to BREP export
+-------------------------------------------
ID: 23569926 TS: ID5AAC7181-0000-015B-3135-323132353535, IFC: 1Qh7610001Mp4rCZ4oDJKr
 Info 11: Part:Polygon extrusion not allowed. Part reverted to BREP export
+-------------------------------------------
ID: 23569948 TS: ID5AAC7181-0000-015F-3135-323132353535, IFC: 1Qh7610001Np4rCZ4oDJKr
 Info 11: Part:Polygon extrusion not allowed. Part reverted to BREP export
+-------------------------------------------
ID: 23569970 TS: ID5AAC7181-0000-0163-3135-323132353535, IFC: 1Qh7610001Op4rCZ4oDJKr
 Info 11: Part:Polygon extrusion not allowed. Part reverted to BREP export
+-------------------------------------------
ID: 23569992 TS: ID5AAC7181-0000-0167-3135-323132353535, IFC: 1Qh7610001Pp4rCZ4oDJKr
 Info 11: Part:Polygon extrusion not allowed. Part reverted to BREP export
+-------------------------------------------
ID: 23570864 TS: ID5AAC7181-0000-01A4-3135-323132353734, IFC: 1Qh7610001f34rCZ4oDJSq
 Info 11: Part:Polygon extrusion not allowed. Part reverted to BREP export
+-------------------------------------------
ID: 23571197 TS: ID5AAC7181-0000-01BC-3135-323132353739, IFC: 1Qh7610001l34rCZ4oDJSv
 Info 11: Part:Polygon extrusion not allowed. Part reverted to BREP export
+-------------------------------------------
ID: 23571250 TS: ID5AAC7181-0000-01C6-3135-323132353830, IFC: 1Qh7610001nZ4rCZ4oDJWm
 Info 11: Part:Polygon extrusion not allowed. Part reverted to BREP export
+-------------------------------------------
ID: 23571279 TS: ID5AAC7181-0000-01CB-3135-323132353830, IFC: 1Qh7610001op4rCZ4oDJWm
 Info 11: Part:Polygon extrusion not allowed. Part reverted to BREP export
+-------------------------------------------
ID: 23571308 TS: ID5AAC7181-0000-01D0-3135-323132353830, IFC: 1Qh7610001q34rCZ4oDJWm
 Info 11: Part:Polygon extrusion not allowed. Part reverted to BREP export
+-------------------------------------------
ID: 23571337 TS: ID5AAC7181-0000-01D5-3135-323132353830, IFC: 1Qh7610001rJ4rCZ4oDJWm
 Info 11: Part:Polygon extrusion not allowed. Part reverted to BREP export
+-------------------------------------------
ID: 23571366 TS: ID5AAC7181-0000-01DA-3135-323132353830, IFC: 1Qh7610001sZ4rCZ4oDJWm
 Info 11: Part:Polygon extrusion not allowed. Part reverted to BREP export
+-------------------------------------------
ID: 23571395 TS: ID5AAC7181-0000-01DF-3135-323132353830, IFC: 1Qh7610001tp4rCZ4oDJWm
 Info 11: Part:Polygon extrusion not allowed. Part reverted to BREP export
+-------------------------------------------
ID: 23571424 TS: ID5AAC7181-0000-01E4-3135-323132353830, IFC: 1Qh7610001v34rCZ4oDJWm
 Info 11: Part:Polygon extrusion not allowed. Part reverted to BREP export
+-------------------------------------------
ID: 23571453 TS: ID5AAC7181-0000-01E9-3135-323132353830, IFC: 1Qh7610001wJ4rCZ4oDJWm
 Info 11: Part:Polygon extrusion not allowed. Part reverted to BREP export
+-------------------------------------------
ID: 23571482 TS: ID5AAC7181-0000-01EE-3135-323132353830, IFC: 1Qh7610001xZ4rCZ4oDJWm
 Info 11: Part:Polygon extrusion not allowed. Part reverted to BREP export
+-------------------------------------------
ID: 23571511 TS: ID5AAC7181-0000-01F3-3135-323132353830, IFC: 1Qh7610001yp4rCZ4oDJWm
 Info 11: Part:Polygon extrusion not allowed. Part reverted to BREP export
+-------------------------------------------
ID: 23571540 TS: ID5AAC7181-0000-01F8-3135-323132353830, IFC: 1Qh7610001_34rCZ4oDJWm
 Info 11: Part:Polygon extrusion not allowed. Part reverted to BREP export
+-------------------------------------------
ID: 23571569 TS: ID5AAC7181-0000-01FD-3135-323132353830, IFC: 1Qh7610001$J4rCZ4oDJWm
 Info 11: Part:Polygon extrusion not allowed. Part reverted to BREP export
+-------------------------------------------
ID: 23571622 TS: ID5AAC7181-0000-0207-3135-323132353830, IFC: 1Qh76100021p4rCZ4oDJWm
 Info 11: Part:Polygon extrusion not allowed. Part reverted to BREP export
+-------------------------------------------
ID: 23571651 TS: ID5AAC7181-0000-020C-3135-323132353830, IFC: 1Qh7610002334rCZ4oDJWm
 Info 11: Part:Polygon extrusion not allowed. Part reverted to BREP export
+-------------------------------------------
ID: 23571680 TS: ID5AAC7181-0000-0211-3135-323132353830, IFC: 1Qh76100024J4rCZ4oDJWm
 Info 11: Part:Polygon extrusion not allowed. Part reverted to BREP export
+-------------------------------------------
ID: 23571709 TS: ID5AAC7181-0000-0216-3135-323132353830, IFC: 1Qh76100025Z4rCZ4oDJWm
 Info 11: Part:Polygon extrusion not allowed. Part reverted to BREP export
+-------------------------------------------
ID: 23571738 TS: ID5AAC7181-0000-021B-3135-323132353830, IFC: 1Qh76100026p4rCZ4oDJWm
 Info 11: Part:Polygon extrusion not allowed. Part reverted to BREP export
+-------------------------------------------
ID: 23571767 TS: ID5AAC7181-0000-0220-3135-323132353830, IFC: 1Qh7610002834rCZ4oDJWm
 Info 11: Part:Polygon extrusion not allowed. Part reverted to BREP export
+-------------------------------------------
ID: 23571796 TS: ID5AAC7181-0000-0225-3135-323132353830, IFC: 1Qh76100029J4rCZ4oDJWm
 Info 11: Part:Polygon extrusion not allowed. Part reverted to BREP export
+-------------------------------------------
ID: 23571825 TS: ID5AAC7181-0000-022A-3135-323132353830, IFC: 1Qh7610002AZ4rCZ4oDJWm
 Info 11: Part:Polygon extrusion not allowed. Part reverted to BREP export
+-------------------------------------------
ID: 23571854 TS: ID5AAC7181-0000-022F-3135-323132353830, IFC: 1Qh7610002Bp4rCZ4oDJWm
 Info 11: Part:Polygon extrusion not allowed. Part reverted to BREP export
+-------------------------------------------
ID: 23571883 TS: ID5AAC7181-0000-0234-3135-323132353830, IFC: 1Qh7610002D34rCZ4oDJWm
 Info 11: Part:Polygon extrusion not allowed. Part reverted to BREP export
+-------------------------------------------
ID: 23571912 TS: ID5AAC7181-0000-0239-3135-323132353830, IFC: 1Qh7610002EJ4rCZ4oDJWm
 Info 11: Part:Polygon extrusion not allowed. Part reverted to BREP export
+-------------------------------------------
ID: 23571941 TS: ID5AAC7181-0000-023E-3135-323132353830, IFC: 1Qh7610002FZ4rCZ4oDJWm
 Info 11: Part:Polygon extrusion not allowed. Part reverted to BREP export
+-------------------------------------------
ID: 23571970 TS: ID5AAC7181-0000-0243-3135-323132353830, IFC: 1Qh7610002Gp4rCZ4oDJWm
 Info 11: Part:Polygon extrusion not allowed. Part reverted to BREP export
+-------------------------------------------
ID: 23571999 TS: ID5AAC7181-0000-0248-3135-323132353830, IFC: 1Qh7610002I34rCZ4oDJWm
 Info 11: Part:Polygon extrusion not allowed. Part reverted to BREP export
+-------------------------------------------
ID: 23572028 TS: ID5AAC7181-0000-024D-3135-323132353830, IFC: 1Qh7610002JJ4rCZ4oDJWm
 Info 11: Part:Polygon extrusion not allowed. Part reverted to BREP export
+-------------------------------------------
ID: 23572057 TS: ID5AAC7181-0000-0252-3135-323132353830, IFC: 1Qh7610002KZ4rCZ4oDJWm
 Info 11: Part:Polygon extrusion not allowed. Part reverted to BREP export
+-------------------------------------------
ID: 23572086 TS: ID5AAC7181-0000-0257-3135-323132353830, IFC: 1Qh7610002Lp4rCZ4oDJWm
 Info 11: Part:Polygon extrusion not allowed. Part reverted to BREP export
+-------------------------------------------
ID: 23572115 TS: ID5AAC7181-0000-025C-3135-323132353830, IFC: 1Qh7610002N34rCZ4oDJWm
 Info 11: Part:Polygon extrusion not allowed. Part reverted to BREP export
+-------------------------------------------
ID: 23572144 TS: ID5AAC7181-0000-0261-3135-323132353830, IFC: 1Qh7610002OJ4rCZ4oDJWm
 Info 11: Part:Polygon extrusion not allowed. Part reverted to BREP export
+-------------------------------------------
ID: 23572175 TS: ID5AAC7181-0000-0266-3135-323132353830, IFC: 1Qh7610002PZ4rCZ4oDJWm
 Info 11: Part:Polygon extrusion not allowed. Part reverted to BREP export
+-------------------------------------------
ID: 23572206 TS: ID5AAC7181-0000-026B-3135-323132353830, IFC: 1Qh7610002Qp4rCZ4oDJWm
 Info 11: Part:Polygon extrusion not allowed. Part reverted to BREP export
+-------------------------------------------
ID: 23572235 TS: ID5AAC7181-0000-0270-3135-323132353830, IFC: 1Qh7610002S34rCZ4oDJWm
 Info 11: Part:Polygon extrusion not allowed. Part reverted to BREP export
+-------------------------------------------
ID: 23572264 TS: ID5AAC7181-0000-0275-3135-323132353830, IFC: 1Qh7610002TJ4rCZ4oDJWm
 Info 11: Part:Polygon extrusion not allowed. Part reverted to BREP export
+-------------------------------------------
ID: 23572295 TS: ID5AAC7181-0000-027A-3135-323132353830, IFC: 1Qh7610002UZ4rCZ4oDJWm
 Info 11: Part:Polygon extrusion not allowed. Part reverted to BREP export
+-------------------------------------------
ID: 23572350 TS: ID5AAC7181-0000-0284-3135-323132353830, IFC: 1Qh7610002X34rCZ4oDJWm
 Info 11: Part:Polygon extrusion not allowed. Part reverted to BREP export
+-------------------------------------------
ID: 23572379 TS: ID5AAC7181-0000-0289-3135-323132353830, IFC: 1Qh7610002YJ4rCZ4oDJWm
 Info 11: Part:Polygon extrusion not allowed. Part reverted to BREP export
+-------------------------------------------
ID: 23573078 TS: ID5AAC7181-0000-0351-3135-323132353839, IFC: 1Qh7610003KJ4rCZ4oDJWv
 Info 11: Part:Polygon extrusion not allowed. Part reverted to BREP export
+-------------------------------------------
ID: 23573172 TS: ID5AAC7181-0000-0360-3135-323132353930, IFC: 1Qh7610003O34rCZ4oDJam
 Info 11: Part:Polygon extrusion not allowed. Part reverted to BREP export
+-------------------------------------------
ID: 23573239 TS: ID5AAC7181-0000-0374-3135-323132353930, IFC: 1Qh7610003T34rCZ4oDJam
 Info 11: Part:Polygon extrusion not allowed. Part reverted to BREP export
+-------------------------------------------
ID: 23573316 TS: ID5AAC7181-0000-038D-3135-323132353931, IFC: 1Qh7610003ZJ4rCZ4oDJan
 Info 11: Part:Polygon extrusion not allowed. Part reverted to BREP export
+-------------------------------------------
ID: 23573340 TS: ID5AAC7181-0000-0392-3135-323132353931, IFC: 1Qh7610003aZ4rCZ4oDJan
 Info 11: Part:Polygon extrusion not allowed. Part reverted to BREP export
+-------------------------------------------
ID: 23573364 TS: ID5AAC7181-0000-0397-3135-323132353931, IFC: 1Qh7610003bp4rCZ4oDJan
 Info 11: Part:Polygon extrusion not allowed. Part reverted to BREP export
+-------------------------------------------
ID: 23573387 TS: ID5AAC7181-0000-039C-3135-323132353931, IFC: 1Qh7610003d34rCZ4oDJan
 Info 11: Part:Polygon extrusion not allowed. Part reverted to BREP export

Elapsed time: 7.0 seconds.
